// Jest Snapshot v1, https://goo.gl/fbAQLP

exports[`Header test should render correctly 1`] = `
<DocumentFragment>
  <div
    class="MuiBox-root css-0"
  >
    <div
      class="MuiContainer-root MuiContainer-maxWidthLg css-1f2kw6w-MuiContainer-root"
    >
      <div>
        test
      </div>
    </div>
  </div>
</DocumentFragment>
`;
